// Jest Snapshot v1, https://goo.gl/fbAQLP

exports[`Dynamic dynamic snapshot default  1`] = `
<div>
  <div>
    A
  </div>
</div>
`;

exports[`Dynamic dynamic snapshot true 1`] = `
<div>
  <div>
    B
  </div>
</div>
`;
